[debug] [2026-08-10T10:38:44.573Z] ----------------------------------------------------------------------
[debug] [2026-08-10T10:38:44.576Z] Command:       C:\Program Files\nodejs\node.exe C:\Users\ANWAR\AppData\Roaming\npm\node_modules\firebase-tools\lib\bin\firebase.js database:instances:list --project catatan-troubleshoot-atm-2b5a4
[debug] [2026-08-10T10:38:44.576Z] CLI Version:   15.9.0
[debug] [2026-08-10T10:38:44.576Z] Platform:      win32
[debug] [2026-08-10T10:38:44.577Z] Node Version:  v24.12.0
[debug] [2026-08-10T10:38:44.577Z] Time:          Mon Aug 10 2026 17:38:44 GMT+0700 (Western Indonesia Time)
[debug] [2026-08-10T10:38:44.577Z] ----------------------------------------------------------------------
[debug] 
[debug] [2026-08-10T10:38:46.394Z] > command requires scopes: ["email","openid","https://www.googleapis.com/auth/cloudplatformprojects.readonly","https://www.googleapis.com/auth/firebase","https://www.googleapis.com/auth/cloud-platform"]
[debug] [2026-08-10T10:38:46.395Z] > authorizing via signed-in user (ondemproject.us@gmail.com)
[debug] [2026-08-10T10:38:46.395Z] [iam] checking project catatan-troubleshoot-atm-2b5a4 for permissions ["firebase.projects.get","firebasedatabase.instances.list"]
[debug] [2026-08-10T10:38:46.396Z] Checked if tokens are valid: true, expires at: 1786361864474
[debug] [2026-08-10T10:38:46.396Z] Checked if tokens are valid: true, expires at: 1786361864474
[debug] [2026-08-10T10:38:46.397Z] >>> [apiv2][query] POST https://cloudresourcemanager.googleapis.com/v1/projects/catatan-troubleshoot-atm-2b5a4:testIamPermissions [none]
[debug] [2026-08-10T10:38:46.397Z] >>> [apiv2][(partial)header] POST https://cloudresourcemanager.googleapis.com/v1/projects/catatan-troubleshoot-atm-2b5a4:testIamPermissions  x-goog-user-project=catatan-troubleshoot-atm-2b5a4
[debug] [2026-08-10T10:38:46.397Z] >>> [apiv2][body] POST https://cloudresourcemanager.googleapis.com/v1/projects/catatan-troubleshoot-atm-2b5a4:testIamPermissions {"permissions":["firebase.projects.get","firebasedatabase.instances.list"]}
[debug] [2026-08-10T10:38:46.845Z] <<< [apiv2][status] POST https://cloudresourcemanager.googleapis.com/v1/projects/catatan-troubleshoot-atm-2b5a4:testIamPermissions 403
[debug] [2026-08-10T10:38:46.845Z] <<< [apiv2][body] POST https://cloudresourcemanager.googleapis.com/v1/projects/catatan-troubleshoot-atm-2b5a4:testIamPermissions {"error":{"code":403,"message":"Caller does not have required permission to use project catatan-troubleshoot-atm-2b5a4. Grant the caller the roles/serviceusage.serviceUsageConsumer role, or a custom role with the serviceusage.services.use permission, by visiting https://console.developers.google.com/iam-admin/iam?project=catatan-troubleshoot-atm-2b5a4 and then retry. Propagation of the new permission may take a few minutes.","status":"PERMISSION_DENIED","details":[{"@type":"type.googleapis.com/google.rpc.ErrorInfo","reason":"USER_PROJECT_DENIED","domain":"googleapis.com","metadata":{"containerInfo":"catatan-troubleshoot-atm-2b5a4","consumer":"projects/catatan-troubleshoot-atm-2b5a4","consoleUrl":"https://console.developers.google.com/iam-admin/iam?project=catatan-troubleshoot-atm-2b5a4","service":"cloudresourcemanager.googleapis.com"}},{"@type":"type.googleapis.com/google.rpc.LocalizedMessage","locale":"en-US","message":"Caller does not have required permission to use project catatan-troubleshoot-atm-2b5a4. Grant the caller the roles/serviceusage.serviceUsageConsumer role, or a custom role with the serviceusage.services.use permission, by visiting https://console.developers.google.com/iam-admin/iam?project=catatan-troubleshoot-atm-2b5a4 and then retry. Propagation of the new permission may take a few minutes."},{"@type":"type.googleapis.com/google.rpc.Help","links":[{"description":"Google developer console IAM admin","url":"https://console.developers.google.com/iam-admin/iam?project=catatan-troubleshoot-atm-2b5a4"}]}]}}
[debug] [2026-08-10T10:38:46.848Z] [iam] error while checking permissions, command may fail: Request to https://cloudresourcemanager.googleapis.com/v1/projects/catatan-troubleshoot-atm-2b5a4:testIamPermissions had HTTP Error: 403, Caller does not have required permission to use project catatan-troubleshoot-atm-2b5a4. Grant the caller the roles/serviceusage.serviceUsageConsumer role, or a custom role with the serviceusage.services.use permission, by visiting https://console.developers.google.com/iam-admin/iam?project=catatan-troubleshoot-atm-2b5a4 and then retry. Propagation of the new permission may take a few minutes.
[debug] [2026-08-10T10:38:46.854Z] Checked if tokens are valid: true, expires at: 1786361864474
[debug] [2026-08-10T10:38:46.854Z] Checked if tokens are valid: true, expires at: 1786361864474
[debug] [2026-08-10T10:38:46.855Z] >>> [apiv2][query] GET https://firebasedatabase.googleapis.com/v1beta/projects/catatan-troubleshoot-atm-2b5a4/locations/-/instances pageSize=100
[debug] [2026-08-10T10:38:48.238Z] <<< [apiv2][status] GET https://firebasedatabase.googleapis.com/v1beta/projects/catatan-troubleshoot-atm-2b5a4/locations/-/instances 403
[debug] [2026-08-10T10:38:48.238Z] <<< [apiv2][body] GET https://firebasedatabase.googleapis.com/v1beta/projects/catatan-troubleshoot-atm-2b5a4/locations/-/instances {"error":{"code":403,"message":"Permission 'firebasedatabase.instances.list' denied on resource '//firebasedatabase.googleapis.com/projects/catatan-troubleshoot-atm-2b5a4/locations/-' (or it may not exist). Remediate access with this Troubleshooter URL or share it with your administrator - https://console.cloud.google.com/iam-admin/troubleshooter/summary;errorId=CiQwMTlmZWI0MC1lMDNhLTcxMzYtYjlkNi1hZTNhZWZlZmNiMDASM3Byb2plY3RzL2NhdGF0YW4tdHJvdWJsZXNob290LWF0bS0yYjVhNC9sb2NhdGlvbnMvLQ%3D%3D .","status":"PERMISSION_DENIED","details":[{"@type":"type.googleapis.com/google.rpc.ErrorInfo","reason":"IAM_PERMISSION_DENIED","domain":"firebasedatabase.googleapis.com","metadata":{"troubleshooter_url":"https://console.cloud.google.com/iam-admin/troubleshooter/summary;errorId=CiQwMTlmZWI0MC1lMDNhLTcxMzYtYjlkNi1hZTNhZWZlZmNiMDASM3Byb2plY3RzL2NhdGF0YW4tdHJvdWJsZXNob290LWF0bS0yYjVhNC9sb2NhdGlvbnMvLQ%3D%3D","permission":"firebasedatabase.instances.list","resource":"projects/catatan-troubleshoot-atm-2b5a4/locations/-","error_info_id":"CiQwMTlmZWI0MC1lMDNhLTcxMzYtYjlkNi1hZTNhZWZlZmNiMDASM3Byb2plY3RzL2NhdGF0YW4tdHJvdWJsZXNob290LWF0bS0yYjVhNC9sb2NhdGlvbnMvLQ=="}}]}}
[debug] [2026-08-10T10:38:48.239Z] Request to https://firebasedatabase.googleapis.com/v1beta/projects/catatan-troubleshoot-atm-2b5a4/locations/-/instances?pageSize=100 had HTTP Error: 403, Permission 'firebasedatabase.instances.list' denied on resource '//firebasedatabase.googleapis.com/projects/catatan-troubleshoot-atm-2b5a4/locations/-' (or it may not exist). Remediate access with this Troubleshooter URL or share it with your administrator - https://console.cloud.google.com/iam-admin/troubleshooter/summary;errorId=CiQwMTlmZWI0MC1lMDNhLTcxMzYtYjlkNi1hZTNhZWZlZmNiMDASM3Byb2plY3RzL2NhdGF0YW4tdHJvdWJsZXNob290LWF0bS0yYjVhNC9sb2NhdGlvbnMvLQ%3D%3D .
[debug] [2026-08-10T10:38:48.243Z] FirebaseError: Request to https://firebasedatabase.googleapis.com/v1beta/projects/catatan-troubleshoot-atm-2b5a4/locations/-/instances?pageSize=100 had HTTP Error: 403, Permission 'firebasedatabase.instances.list' denied on resource '//firebasedatabase.googleapis.com/projects/catatan-troubleshoot-atm-2b5a4/locations/-' (or it may not exist). Remediate access with this Troubleshooter URL or share it with your administrator - https://console.cloud.google.com/iam-admin/troubleshooter/summary;errorId=CiQwMTlmZWI0MC1lMDNhLTcxMzYtYjlkNi1hZTNhZWZlZmNiMDASM3Byb2plY3RzL2NhdGF0YW4tdHJvdWJsZXNob290LWF0bS0yYjVhNC9sb2NhdGlvbnMvLQ%3D%3D .
    at responseToError (C:\Users\ANWAR\AppData\Roaming\npm\node_modules\firebase-tools\lib\responseToError.js:53:12)
    at RetryOperation._fn (C:\Users\ANWAR\AppData\Roaming\npm\node_modules\firebase-tools\lib\apiv2.js:333:77)
    at process.processTicksAndRejections (node:internal/process/task_queues:103:5)
[error] 
[error] Error: Failed to list Firebase Realtime Database instances. See firebase-debug.log for more info.
